stm32l1xx_hal_uart.c:2709:13:UART_EndRxTransfer	0	static
stm32l1xx_hal_uart.c:3036:13:UART_SetConfig	16	static
stm32l1xx_hal_uart.c:2663:26:UART_WaitOnFlagUntilTimeout.constprop	24	static
stm32l1xx_hal_uart.c:663:13:HAL_UART_MspInit	0	static
stm32l1xx_hal_uart.c:313:19:HAL_UART_Init	8	static
stm32l1xx_hal_uart.c:388:19:HAL_HalfDuplex_Init	8	static
stm32l1xx_hal_uart.c:461:19:HAL_LIN_Init	16	static
stm32l1xx_hal_uart.c:542:19:HAL_MultiProcessor_Init	16	static
stm32l1xx_hal_uart.c:678:13:HAL_UART_MspDeInit	0	static
stm32l1xx_hal_uart.c:619:19:HAL_UART_DeInit	8	static
stm32l1xx_hal_uart.c:1015:19:HAL_UART_Transmit	24	static
stm32l1xx_hal_uart.c:1097:19:HAL_UART_Receive	24	static
stm32l1xx_hal_uart.c:1185:19:HAL_UART_Transmit_IT	0	static
stm32l1xx_hal_uart.c:1227:19:HAL_UART_Receive_IT	0	static
stm32l1xx_hal_uart.c:1275:19:HAL_UART_Transmit_DMA	16	static
stm32l1xx_hal_uart.c:1340:19:HAL_UART_Receive_DMA	24	static
stm32l1xx_hal_uart.c:1407:19:HAL_UART_DMAPause	0	static
stm32l1xx_hal_uart.c:1444:19:HAL_UART_DMAResume	8	static
stm32l1xx_hal_uart.c:1480:19:HAL_UART_DMAStop	8	static
stm32l1xx_hal_uart.c:1532:19:HAL_UART_Abort	8	static
stm32l1xx_hal_uart.c:1614:19:HAL_UART_AbortTransmit	8	static
stm32l1xx_hal_uart.c:1665:19:HAL_UART_AbortReceive	8	static
stm32l1xx_hal_uart.c:2140:13:HAL_UART_TxCpltCallback	0	static
stm32l1xx_hal_uart.c:2515:13:UART_DMATransmitCplt	8	static
stm32l1xx_hal_uart.c:2155:13:HAL_UART_TxHalfCpltCallback	0	static
stm32l1xx_hal_uart.c:2550:13:UART_DMATxHalfCplt	8	static
stm32l1xx_hal_uart.c:2170:13:HAL_UART_RxCpltCallback	0	static
stm32l1xx_hal_uart.c:2569:13:UART_DMAReceiveCplt	8	static
stm32l1xx_hal_uart.c:2965:26:UART_Receive_IT	8	static
stm32l1xx_hal_uart.c:2185:13:HAL_UART_RxHalfCpltCallback	0	static
stm32l1xx_hal_uart.c:2603:13:UART_DMARxHalfCplt	8	static
stm32l1xx_hal_uart.c:2200:13:HAL_UART_ErrorCallback	0	static
stm32l1xx_hal_uart.c:2622:13:UART_DMAError	8	static
stm32l1xx_hal_uart.c:1994:6:HAL_UART_IRQHandler	16	static
stm32l1xx_hal_uart.c:2726:13:UART_DMAAbortOnError	8	static
stm32l1xx_hal_uart.c:2214:13:HAL_UART_AbortCpltCallback	0	static
stm32l1xx_hal_uart.c:1719:19:HAL_UART_Abort_IT	8	static
stm32l1xx_hal_uart.c:2795:13:UART_DMARxAbortCallback	8	static
stm32l1xx_hal_uart.c:2750:13:UART_DMATxAbortCallback	8	static
stm32l1xx_hal_uart.c:2229:13:HAL_UART_AbortTransmitCpltCallback	0	static
stm32l1xx_hal_uart.c:1847:19:HAL_UART_AbortTransmit_IT	8	static
stm32l1xx_hal_uart.c:2840:13:UART_DMATxOnlyAbortCallback	8	static
stm32l1xx_hal_uart.c:2244:13:HAL_UART_AbortReceiveCpltCallback	0	static
stm32l1xx_hal_uart.c:1924:19:HAL_UART_AbortReceive_IT	8	static
stm32l1xx_hal_uart.c:2868:13:UART_DMARxOnlyAbortCallback	8	static
stm32l1xx_hal_uart.c:2283:19:HAL_LIN_SendBreak	0	static
stm32l1xx_hal_uart.c:2310:19:HAL_MultiProcessor_EnterMuteMode	0	static
stm32l1xx_hal_uart.c:2337:19:HAL_MultiProcessor_ExitMuteMode	0	static
stm32l1xx_hal_uart.c:2364:19:HAL_HalfDuplex_EnableTransmitter	0	static
stm32l1xx_hal_uart.c:2399:19:HAL_HalfDuplex_EnableReceiver	0	static
stm32l1xx_hal_uart.c:2456:23:HAL_UART_GetState	0	static
stm32l1xx_hal_uart.c:2471:10:HAL_UART_GetError	0	static
